{
  "net": 4,
  "ix": 4,
  "fac": 10,
  "carrier": 4,
  "campus": 3,
  "netixlan": 3,
  "netfac": 3,
  "automated_nets": 4,
  "organizations": 8,
  "registered_users": 4
}
